// Jest Snapshot v1, https://goo.gl/fbAQLP

exports[`layout: Sidebar rendering should render properly 1`] = `
<DrawerMock
  anchor="left"
  className="drawer"
  classes={
    Object {
      "paper": "drawerPaper",
    }
  }
  variant="permanent"
>
  <div
    className="text"
  >
    <div
      className="intro"
    >
      <AvatarMock>
        A
      </AvatarMock>
      <TypographyMock
        className="introText"
        color="inherit"
        gutterBottom={true}
        variant="subtitle1"
      >
        HELLO, Admin!
      </TypographyMock>
    </div>
    <p>
      Another great day, for testing your apps!
    </p>
  </div>
  <ListMock>
    <ListItemMock
      button={true}
      className="listItem"
      color="inherit"
      component="LinkMock"
      key="/projects"
      to="/projects"
    >
      <ListItemIconMock
        className="itemIcon"
      >
        <ExtensionMock />
      </ListItemIconMock>
      <ListItemTextMock
        disableTypography={true}
        primary={
          <TypographyMock
            style={
              Object {
                "color": "#E8E8E8",
                "fontSize": "1.25rem",
                "fontWeight": "normal",
                "textTransform": "uppercase",
              }
            }
            type="body2"
          >
            Projects
          </TypographyMock>
        }
      />
    </ListItemMock>
    <ListItemMock
      button={true}
      className="listItem"
      color="inherit"
      component="LinkMock"
      key="/test-runs"
      to="/test-runs"
    >
      <ListItemIconMock
        className="itemIcon"
      >
        <ShowChartMock />
      </ListItemIconMock>
      <ListItemTextMock
        disableTypography={true}
        primary={
          <TypographyMock
            style={
              Object {
                "color": "#E8E8E8",
                "fontSize": "1.25rem",
                "fontWeight": "normal",
                "textTransform": "uppercase",
              }
            }
            type="body2"
          >
            Tests Results
          </TypographyMock>
        }
      />
    </ListItemMock>
  </ListMock>
  <ListMock>
    <ListItemMock
      button={true}
      className="listItem"
      color="inherit"
    >
      <ListItemIconMock
        className="itemIcon"
      >
        <ExitToAppMock />
      </ListItemIconMock>
      <ListItemTextMock
        disableTypography={true}
        primary={
          <TypographyMock
            style={
              Object {
                "color": "#E8E8E8",
                "fontSize": "1.25rem",
                "fontWeight": "normal",
                "textTransform": "uppercase",
              }
            }
            type="body2"
          >
            log out
          </TypographyMock>
        }
      />
    </ListItemMock>
  </ListMock>
</DrawerMock>
`;
