// Jest Snapshot v1, https://goo.gl/fbAQLP

exports[`component: KeyRepositoryModal rendering should render as expected 1`] = `
<div>
  <DialogMock
    aria-describedby="modal-key-description"
    aria-labelledby="modal-key-title"
    open={false}
  >
    <DialogTitleMock
      id="modal-key-title"
    >
      REPOSITORY KEY
    </DialogTitleMock>
    <DialogContentMock>
      <DialogContentTextMock
        id="modal-key-description"
      >
        Copy it and do the magic in your repository: 
        <br />
        Generated Key(TODO)...
      </DialogContentTextMock>
    </DialogContentMock>
    <DialogActionsMock>
      <ButtonMock
        autoFocus={true}
        color="primary"
        variant="contained"
      >
        OK
      </ButtonMock>
    </DialogActionsMock>
  </DialogMock>
</div>
`;
