// Jest Snapshot v1, https://goo.gl/fbAQLP

exports[`component: DeleteModal rendering should render as expected 1`] = `
<div>
  <DialogMock
    aria-describedby="delete-dialog-description"
    aria-labelledby="delete-dialog-title"
    onClose={[MockFunction]}
    open={false}
  >
    <DialogTitleMock
      id="delete-dialog-title"
    >
      Delete 
      mockType
    </DialogTitleMock>
    <DialogContentMock>
      <DialogContentTextMock
        id="delete-dialog-description"
      >
        Are you sure want delete 
        mockName
         
        mockType
        ?
      </DialogContentTextMock>
    </DialogContentMock>
    <DialogActionsMock>
      <ButtonMock
        color="primary"
        onClick={[MockFunction]}
      >
        Cancel
      </ButtonMock>
      <ButtonMock
        autoFocus={true}
        color="primary"
        onClick={[MockFunction]}
        variant="contained"
      >
        Delete
      </ButtonMock>
    </DialogActionsMock>
  </DialogMock>
</div>
`;
